
[Test_CompileExamples/function_call.pixie - 1]
print("hello world")
print(123)
print(3.14)
print(true)
print(false)
print("hello","world")

---

[Test_CompileExamples/variables.pixie - 1]
s1 = ""
s1 = "hello world"
s2 = "something"
n1 = 0
n1 = 123
n2 = 3.14
b1 = false
b1 = true
b2 = false
l1 = []
l1 = ["hello","world"]
l2 = ["something","else"]
m1 = {}
m1 = {"hello":1}
m2 = {1:true,2:false}

---
