
[Test_CompileExamples/function_call.pixie - 1]
print("hello world")
print(123)
print(3.14)
print(true)
print(false)
print("hello","world")

---

[Test_CompileExamples/variables.pixie - 1]
s1 = ""
s1 = "hello world"
s2 = "something"
n1 = 0
n1 = 123
n2 = 3.14
b1 = false
b1 = true
b2 = false
l1 = []
l1 = ["hello","world"]
l2 = ["something","else"]
m1 = {}
m1 = {"hello":1}
m2 = {1:true,2:false}
s3 = s1

m3 = {"person1":{"name":"Andrew"}}
print(m3)

---

[Test_CompileExamples/custom_objects.pixie - 1]

p1 = {"name":"","age":0}
p1 = {"name":"Andrew","age":35}
p2 = {"name":"Stephen","age":18}
p1 = p2
p1 = {"name":"Something","age":0}

h1 = {"person":{"name":"Andrew","age":0}}

---

[Test_CompileExamples/indexing.pixie - 1]
l = [1,2,3,4,5]
print(l[(3 + 1)])

m = {"one":1,"two":2}
print(m["one"])
p = {"name":"Andrew"}
print(p.name)
lmp = [{"person1":{"name":"Andrew"}}]
print(lmp[(0 + 1)]["person1"].name)

---

[Test_CompileExamples/arithmetic.pixie - 1]
a = 10
b = 3
add_result = a + b
sub_result = a - b
mul_result = a * b
div_result = a / b
precedence_test1 = a + b * 2
precedence_test2 = a * 2 + b
precedence_test3 = a - b / 3
str1 = "Hello"
str2 = "World"
concat_result = str1 .. " " .. str2

---
